=== Run started: Fri Aug 21 10:12:29 CDT 2026 ===
Authenticated as user 31636242533501
Fetching 1 day(s): 2026-08-20 -> 2026-08-20
  2026-08-20: 1333.3 (7 foods)
Wrote 366 days -> data/nutrition.json
Wrote 1058 food entries -> data/foods_detail.json
Wrote aggregate -> data/foods.json
[main ea3e8cf] Daily nutrition update 2026-08-21
 Committer: Clay Cary <claycary@claycary.local>
Your name and email address were configured automatically based
on your username and hostname. Please check that they are accurate.
You can suppress this message by setting them explicitly:

    git config --global user.name "Your Name"
    git config --global user.email you@example.com

After doing this, you may fix the identity used for this commit with:

    git commit --amend --reset-author

 3 files changed, 179 insertions(+), 81 deletions(-)
To https://github.com/ccary1234/nutrition-tracker.git
   92453a5..ea3e8cf  main -> main
Pushed.
=== Run finished: Fri Aug 21 10:12:34 CDT 2026 ===
=== Run started: Sat Aug 22 08:26:15 CDT 2026 ===
Authenticated as user 31636242533501
Fetching 1 day(s): 2026-08-21 -> 2026-08-21
  2026-08-21: 2460.0 (8 foods)
Wrote 367 days -> data/nutrition.json
Wrote 1066 food entries -> data/foods_detail.json
Wrote aggregate -> data/foods.json
[main 02b138c] Daily nutrition update 2026-08-22
 Committer: Clay Cary <claycary@claycary.local>
Your name and email address were configured automatically based
on your username and hostname. Please check that they are accurate.
You can suppress this message by setting them explicitly:

    git config --global user.name "Your Name"
    git config --global user.email you@example.com

After doing this, you may fix the identity used for this commit with:

    git commit --amend --reset-author

 3 files changed, 231 insertions(+), 113 deletions(-)
To https://github.com/ccary1234/nutrition-tracker.git
   ea3e8cf..02b138c  main -> main
Pushed.
=== Run finished: Sat Aug 22 08:26:19 CDT 2026 ===
=== Run started: Sat Aug 22 14:44:30 CDT 2026 ===
Authenticated as user 31636242533501
Daily totals already up to date; rebuilding aggregates.
Wrote 367 days -> data/nutrition.json
Wrote 1066 food entries -> data/foods_detail.json
Wrote aggregate -> data/foods.json
No changes.
=== Run finished: Sat Aug 22 14:44:31 CDT 2026 ===
